Microchip MPLAB XC8 Compiler V2.32

Linker command line:

-W-3 --edf=C:\Program Files\Microchip\xc8\v2.32\pic\dat\en_msgs.txt -cn \
  -h+dist/default/production\wash_machine_part2.production.sym \
  --cmf=dist/default/production\wash_machine_part2.production.cmf -z \
  -Q16F877A -oC:\Users\KSOMAS~1\AppData\Local\Temp\xcAs6mo.4 \
  --defsym=__MPLAB_BUILD=1 \
  -Mdist/default/production/wash_machine_part2.production.map -E1 \
  -ver=XC8 Compiler --acfsm=1493 -ASTACK=0110h-016Fh -pstack=STACK \
  -ACODE=00h-07FFhx4 -ASTRCODE=00h-01FFFh -ASTRING=00h-0FFhx32 \
  -ACONST=00h-0FFhx32 -AENTRY=00h-0FFhx32 -ACOMMON=070h-07Fh \
  -ABANK0=020h-06Fh -ABANK1=0A0h-0EFh -ABANK2=0110h-016Fh \
  -ABANK3=0190h-01EFh -ARAM=020h-06Fh,0A0h-0EFh,0110h-016Fh,0190h-01EFh \
  -AABS1=020h-07Fh,0A0h-0EFh,0110h-016Fh,0190h-01EFh -ASFR0=00h-01Fh \
  -ASFR1=080h-09Fh -ASFR2=0100h-010Fh -ASFR3=0180h-018Fh \
  -ACONFIG=02007h-02007h -DCONFIG=2 -AIDLOC=02000h-02003h -DIDLOC=2 \
  -AEEDATA=00h-0FFh/02100h -peeprom_data=EEDATA -DEEDATA=2 -DCODE=2 \
  -DSTRCODE=2 -DSTRING=2 -DCONST=2 -DENTRY=2 \
  -preset_vec=00h,intentry=04h,init,end_init -ppowerup=CODE -pcinit=CODE \
  -pfunctab=ENTRY -k C:\Users\KSOMAS~1\AppData\Local\Temp\xcAs6mo.o \
  dist/default/production\wash_machine_part2.production.o 

Object code version is 3.11

Machine type is 16F877A



                Name                               Link     Load   Length Selector   Space Scale
C:\Users\KSOMAS~1\AppData\Local\Temp\xcAs6mo.o
                end_init                              C        C        3        8       0
                reset_vec                             0        0        3        0       0
                config                             2007     2007        1        0       4
dist/default/production\wash_machine_part2.production.o
                cinit                                 F        F       30        8       0
                intentry                              4        4        8        8       0
                config                             2007     2007        1        0       4
                text28                             143E     143E       3B     287C       0
                text27                             1351     1351       20     26A2       0
                text26                             1479     1479       52     28F2       0
                text25                             1303     1303        B     2606       0
                text24                             12FD     12FD        6     25FA       0
                text23                             130E     130E        D     261C       0
                text22                             133B     133B       16     2676       0
                text21                             140B     140B       33     2816       0
                text20                              800      800       15     1000       0
                text19                             131B     131B        D     2636       0
                text18                             16CC     16CC       90     2D98       0
                text17                              79F      79F       5F        8       0
                text16                             15E7     15E7       69     2BCE       0
                text15                             1524     1524       5B     2A48       0
                text14                             175C     175C       A4     2EB8       0
                text13                             13B7     13B7       29     276E       0
                text12                              43E      43E      361        8       0
                text11                              D70      D70      290     1AE0       0
                text10                             1393     1393       24     2726       0
                text9                              1650     1650       7C     2CA0       0
                text8                              13E0     13E0       2B     27C0       0
                text7                               815      815       BC     102A       0
                text6                              157F     157F       68     2AFE       0
                text5                                3F       3F      3FF        8       0
                text4                               C3F      C3F      131     187E       0
                text3                              14CB     14CB       59     2996       0
                text2                               9E5      9E5      12D     13CA       0
                text1                               B12      B12      12D     1624       0
                maintext                            8D1      8D1      114     11A2       0
                cstackBANK0                          20       20       42       20       1
                cstackCOMMON                         70       70        8       70       1
                cstackBANK1                          C6       C6        3       A0       1
                inittext                           1328     1328       13     2650       0
                dataBANK1                            A0       A0       22       A0       1
                bssBANK1                             C2       C2        4       A0       1
                dataBANK0                            6F       6F        1       20       1
                bssBANK0                             62       62        D       20       1
                bssCOMMON                            78       78        3       70       1
                stringtext                         1000     1000      1C6       20       0
                strings                            11C6     11C6       12     238C       0
                idataBANK1                         1371     1371       22     26E2       0
                idataBANK0                          7FE      7FE        1        8       0

TOTAL           Name                               Link     Load   Length     Space
        CLASS   STACK          

        CLASS   CODE           
                end_init                              C        C        3         0
                cinit                                 F        F       30         0
                intentry                              4        4        8         0
                reset_vec                             0        0        3         0
                text28                             143E     143E       3B         0
                text27                             1351     1351       20         0
                text26                             1479     1479       52         0
                text25                             1303     1303        B         0
                text24                             12FD     12FD        6         0
                text23                             130E     130E        D         0
                text22                             133B     133B       16         0
                text21                             140B     140B       33         0
                text20                              800      800       15         0
                text19                             131B     131B        D         0
                text18                             16CC     16CC       90         0
                text17                              79F      79F       5F         0
                text16                             15E7     15E7       69         0
                text15                             1524     1524       5B         0
                text14                             175C     175C       A4         0
                text13                             13B7     13B7       29         0
                text12                              43E      43E      361         0
                text11                              D70      D70      290         0
                text10                             1393     1393       24         0
                text9                              1650     1650       7C         0
                text8                              13E0     13E0       2B         0
                text7                               815      815       BC         0
                text6                              157F     157F       68         0
                text5                                3F       3F      3FF         0
                text4                               C3F      C3F      131         0
                text3                              14CB     14CB       59         0
                text2                               9E5      9E5      12D         0
                text1                               B12      B12      12D         0
                maintext                            8D1      8D1      114         0
                inittext                           1328     1328       13         0
                idataBANK1                         1371     1371       22         0
                idataBANK0                          7FE      7FE        1         0

        CLASS   STRCODE        
                stringtext                         1000     1000      1C6         0

        CLASS   STRING         
                strings                            11C6     11C6       12         0

        CLASS   CONST          

        CLASS   ENTRY          

        CLASS   COMMON         
                cstackCOMMON                         70       70        8         1
                bssCOMMON                            78       78        3         1

        CLASS   BANK0          
                cstackBANK0                          20       20       42         1
                dataBANK0                            6F       6F        1         1
                bssBANK0                             62       62        D         1

        CLASS   BANK1          
                cstackBANK1                          C6       C6        3         1
                dataBANK1                            A0       A0       22         1
                bssBANK1                             C2       C2        4         1

        CLASS   BANK2          

        CLASS   BANK3          

        CLASS   RAM            

        CLASS   ABS1           
                abs_s1                               7E       7E        2         1

        CLASS   SFR0           

        CLASS   SFR1           

        CLASS   SFR2           

        CLASS   SFR3           

        CLASS   CONFIG         
                config                             2007     2007        1         4

        CLASS   IDLOC          

        CLASS   EEDATA         



SEGMENTS        Name                           Load    Length   Top    Selector   Space  Class     Delta

                reset_vec                      000000  000003  000003         0       0  CODE        2
                intentry                       000004  0007FB  0007FF         8       0  CODE        2
                cstackBANK0                    000020  000050  000070        20       1  BANK0       1
                cstackCOMMON                   000070  00000B  00007B        70       1  COMMON      1
                dataBANK1                      0000A0  000029  0000C9        A0       1  BANK1       1
                text20                         000800  000015  000815      1000       0  CODE        2
                text7                          000815  0000BC  0008D1      102A       0  CODE        2
                maintext                       0008D1  000114  0009E5      11A2       0  CODE        2
                text2                          0009E5  00012D  000B12      13CA       0  CODE        2
                text1                          000B12  00012D  000C3F      1624       0  CODE        2
                text4                          000C3F  000131  000D70      187E       0  CODE        2
                text11                         000D70  000290  001000      1AE0       0  CODE        2
                stringtext                     001000  0001C6  0011C6        20       0  STRCODE     2
                strings                        0011C6  000012  0011D8      238C       0  STRING      2
                text24                         0012FD  000006  001303      25FA       0  CODE        2
                text25                         001303  00000B  00130E      2606       0  CODE        2
                text23                         00130E  00000D  00131B      261C       0  CODE        2
                text19                         00131B  00000D  001328      2636       0  CODE        2
                inittext                       001328  000013  00133B      2650       0  CODE        2
                text22                         00133B  000016  001351      2676       0  CODE        2
                text27                         001351  000020  001371      26A2       0  CODE        2
                idataBANK1                     001371  000022  001393      26E2       0  CODE        2
                text10                         001393  000024  0013B7      2726       0  CODE        2
                text13                         0013B7  000029  0013E0      276E       0  CODE        2
                text8                          0013E0  00002B  00140B      27C0       0  CODE        2
                text21                         00140B  000033  00143E      2816       0  CODE        2
                text28                         00143E  00003B  001479      287C       0  CODE        2
                text26                         001479  000052  0014CB      28F2       0  CODE        2
                text3                          0014CB  000059  001524      2996       0  CODE        2
                text15                         001524  00005B  00157F      2A48       0  CODE        2
                text6                          00157F  000068  0015E7      2AFE       0  CODE        2
                text16                         0015E7  000069  001650      2BCE       0  CODE        2
                text9                          001650  00007C  0016CC      2CA0       0  CODE        2
                text18                         0016CC  000090  00175C      2D98       0  CODE        2
                text14                         00175C  0000A4  001800      2EB8       0  CODE        2


UNUSED ADDRESS RANGES

        Name                Unused          Largest block    Delta
        BANK1            00C9-00EF             27           1
        BANK2            0110-016F             60           1
        BANK3            0190-01EF             60           1
        CODE             0003-0003              1           2
                         07FF-07FF              1
                         11D8-12FC            125
                         1800-1FFF            800
        COMMON           007B-007D              3           1
        CONST            0003-0003              1           2
                         07FF-07FF              1
                         11D8-12FC             28
                         1800-1FFF            100
        EEDATA           2100-21FF            100           2
        ENTRY            0003-0003              1           2
                         07FF-07FF              1
                         11D8-12FC             28
                         1800-1FFF            100
        IDLOC            2000-2003              4           2
        RAM              00C9-00EF             27           1
                         0110-016F             60
                         0190-01EF             60
        SFR0             0000-001F             20           1
        SFR1             0080-009F             20           1
        SFR2             0100-010F             10           1
        SFR3             0180-018F             10           1
        STACK            0110-016F             60           1
        STRCODE          0003-0003              1           2
                         07FF-07FF              1
                         11D8-12FC            125
                         1800-1FFF            800
        STRING           0003-0003              1           2
                         07FF-07FF              1
                         11D8-12FC             28
                         1800-1FFF            100

                                  Symbol Table

?__Umul8_16                       cstackCOMMON 0073
?___awdiv                         cstackCOMMON 0073
?___awmod                         cstackCOMMON 0073
?___fladd                         cstackBANK0  0020
?___flmul                         cstackBANK0  002A
?___flsub                         cstackBANK0  0044
?___fltol                         cstackBANK0  0044
?___wmul                          cstackCOMMON 0073
?___xxtofl                        cstackCOMMON 0073
_GIE                              (abs)        005F
_PEIE                             (abs)        005E
_PORTB                            (abs)        0006
_PORTD                            (abs)        0008
_PR2                              (abs)        0092
_RB0                              (abs)        0030
_RC1                              (abs)        0039
_RC2                              (abs)        003A
_RE1                              (abs)        0049
_RE2                              (abs)        004A
_T2CKPS0                          (abs)        0090
_T2CKPS1                          (abs)        0091
_TMR2IE                           (abs)        0461
_TMR2IF                           (abs)        0061
_TMR2ON                           (abs)        0092
_TRISB                            (abs)        0086
_TRISC1                           (abs)        0439
_TRISC2                           (abs)        043A
_TRISD                            (abs)        0088
_TRISE1                           (abs)        0449
_TRISE2                           (abs)        044A
__Habs1                           abs1         0000
__Hbank0                          bank0        0000
__Hbank1                          bank1        0000
__Hbank2                          bank2        0000
__Hbank3                          bank3        0000
__HbssBANK0                       bssBANK0     0000
__HbssBANK1                       bssBANK1     0000
__HbssCOMMON                      bssCOMMON    0000
__Hcinit                          cinit        003F
__Hclrtext                        clrtext      0000
__Hcode                           code         0000
__Hcommon                         common       0000
__Hconfig                         config       2008
__HcstackBANK0                    cstackBANK0  0000
__HcstackBANK1                    cstackBANK1  0000
__HcstackCOMMON                   cstackCOMMON 0000
__HdataBANK0                      dataBANK0    0000
__HdataBANK1                      dataBANK1    0000
__Heeprom_data                    eeprom_data  0000
__Hend_init                       end_init     000F
__Hfunctab                        functab      0000
__HidataBANK0                     idataBANK0   0000
__HidataBANK1                     idataBANK1   0000
__Hinit                           init         000C
__Hinittext                       inittext     0000
__Hintentry                       intentry     000C
__Hmaintext                       maintext     0000
__Hpowerup                        powerup      0000
__Hram                            ram          0000
__Hreset_vec                      reset_vec    0003
__Hsfr0                           sfr0         0000
__Hsfr1                           sfr1         0000
__Hsfr2                           sfr2         0000
__Hsfr3                           sfr3         0000
__Hspace_0                        (abs)        1800
__Hspace_1                        (abs)        00C9
__Hspace_2                        (abs)        0000
__Hspace_3                        (abs)        0000
__Hspace_4                        (abs)        400F
__Hstack                          stack        0000
__Hstrings                        strings      0000
__Hstringtext                     stringtext   0000
__Htext                           text         0000
__Labs1                           abs1         0000
__Lbank0                          bank0        0000
__Lbank1                          bank1        0000
__Lbank2                          bank2        0000
__Lbank3                          bank3        0000
__LbssBANK0                       bssBANK0     0000
__LbssBANK1                       bssBANK1     0000
__LbssCOMMON                      bssCOMMON    0000
__Lcinit                          cinit        000F
__Lclrtext                        clrtext      0000
__Lcode                           code         0000
__Lcommon                         common       0000
__Lconfig                         config       0000
__LcstackBANK0                    cstackBANK0  0000
__LcstackBANK1                    cstackBANK1  0000
__LcstackCOMMON                   cstackCOMMON 0000
__LdataBANK0                      dataBANK0    0000
__LdataBANK1                      dataBANK1    0000
__Leeprom_data                    eeprom_data  0000
__Lend_init                       end_init     000C
__Lfunctab                        functab      0000
__LidataBANK0                     idataBANK0   0000
__LidataBANK1                     idataBANK1   0000
__Linit                           init         000C
__Linittext                       inittext     0000
__Lintentry                       intentry     0004
__Lmaintext                       maintext     0000
__Lpowerup                        powerup      0000
__Lram                            ram          0000
__Lreset_vec                      reset_vec    0000
__Lsfr0                           sfr0         0000
__Lsfr1                           sfr1         0000
__Lsfr2                           sfr2         0000
__Lsfr3                           sfr3         0000
__Lspace_0                        (abs)        0000
__Lspace_1                        (abs)        0000
__Lspace_2                        (abs)        0000
__Lspace_3                        (abs)        0000
__Lspace_4                        (abs)        0000
__Lstack                          stack        0000
__Lstrings                        strings      0000
__Lstringtext                     stringtext   0000
__Ltext                           text         0000
__S0                              (abs)        1800
__S1                              (abs)        00C9
__S2                              (abs)        0000
__S3                              (abs)        0000
__Umul8_16                        text13       13B7
__Umul8_16@multiplicand           cstackCOMMON 0073
__Umul8_16@multiplier             cstackBANK0  0024
__Umul8_16@product                cstackBANK0  0020
__Umul8_16@word_mpld              cstackBANK0  0022
___awdiv                          text16       15E7
___awdiv@counter                  cstackBANK0  0020
___awdiv@dividend                 cstackCOMMON 0075
___awdiv@divisor                  cstackCOMMON 0073
___awdiv@quotient                 cstackBANK0  0022
___awdiv@sign                     cstackBANK0  0021
___awmod                          text15       1524
___awmod@counter                  cstackBANK0  0020
___awmod@dividend                 cstackCOMMON 0075
___awmod@divisor                  cstackCOMMON 0073
___awmod@sign                     cstackBANK0  0021
___fladd                          text11       0D70
___fladd@a                        cstackBANK0  0024
___fladd@aexp                     cstackCOMMON 0074
___fladd@b                        cstackBANK0  0020
___fladd@bexp                     cstackCOMMON 0075
___fladd@grs                      cstackCOMMON 0076
___fladd@signs                    cstackCOMMON 0073
___flge                           text14       175C
___flge@ff1                       cstackBANK0  004C
___flge@ff2                       cstackBANK0  0050
___flmul                          text12       043E
___flmul@a                        cstackBANK0  002E
___flmul@aexp                     cstackBANK0  0038
___flmul@b                        cstackBANK0  002A
___flmul@bexp                     cstackBANK0  003D
___flmul@grs                      cstackBANK0  0039
___flmul@prod                     cstackBANK0  003E
___flmul@sign                     cstackBANK0  0037
___flmul@temp                     cstackBANK0  0042
___flsub                          text10       1393
___flsub@a                        cstackBANK0  0044
___flsub@b                        cstackBANK0  0048
___fltol                          text9        1650
___fltol@exp1                     cstackBANK0  004E
___fltol@f1                       cstackBANK0  0044
___fltol@sign1                    cstackBANK0  004D
___int_sp                         stack        0000
___latbits                        (abs)        0002
___sp                             stack        0000
___stackhi                        (abs)        0000
___stacklo                        (abs)        0000
___wmul                           text8        13E0
___wmul@multiplicand              cstackCOMMON 0075
___wmul@multiplier                cstackCOMMON 0073
___wmul@product                   cstackBANK0  0020
___xxtofl                         text7        0815
___xxtofl@arg                     cstackBANK0  0026
___xxtofl@exp                     cstackBANK0  0025
___xxtofl@sign                    cstackBANK0  0024
___xxtofl@val                     cstackCOMMON 0073
__end_of__Umul8_16                text13       13E0
__end_of___awdiv                  text16       1650
__end_of___awmod                  text15       157F
__end_of___fladd                  text11       1000
__end_of___flge                   text14       1800
__end_of___flmul                  text12       079F
__end_of___flsub                  text10       13B7
__end_of___fltol                  text9        16CC
__end_of___wmul                   text8        140B
__end_of___xxtofl                 text7        08D1
__end_of__initialization          cinit        003B
__end_of__stringtab               strings      11D8
__end_of_clcd_print               text21       143E
__end_of_clcd_putch               text20       0815
__end_of_clcd_write               text27       1371
__end_of_clear_scr                text19       1328
__end_of_door_open                text6        15E7
__end_of_init_clcd                text25       130E
__end_of_init_config              text22       1351
__end_of_init_digital_keypad      text24       1303
__end_of_init_display_controller  text26       14CB
__end_of_init_timer2              text23       131B
__end_of_isr                      text28       1479
__end_of_main                     maintext     09E5
__end_of_power_on                 text18       175C
__end_of_read_digital_keypad      text17       07FE
__end_of_run_program              text5        043E
__end_of_set_time_for_program     text4        0D70
__end_of_start_stop_display       text3        1524
__end_of_wash_level_display       text2        0B12
__end_of_washing_program_display  text1        0C3F
__initialization                  cinit        000F
__pbssBANK0                       bssBANK0     0062
__pbssBANK1                       bssBANK1     00C2
__pbssCOMMON                      bssCOMMON    0078
__pcstackBANK0                    cstackBANK0  0020
__pcstackBANK1                    cstackBANK1  00C6
__pcstackCOMMON                   cstackCOMMON 0070
__pdataBANK0                      dataBANK0    006F
__pdataBANK1                      dataBANK1    00A0
__pidataBANK0                     idataBANK0   07FE
__pidataBANK1                     idataBANK1   1371
__pintentry                       intentry     0004
__pmaintext                       maintext     08D1
__pstrings                        strings      11C6
__pstringtext                     stringtext   1000
__ptext1                          text1        0B12
__ptext10                         text10       1393
__ptext11                         text11       0D70
__ptext12                         text12       043E
__ptext13                         text13       13B7
__ptext14                         text14       175C
__ptext15                         text15       1524
__ptext16                         text16       15E7
__ptext17                         text17       079F
__ptext18                         text18       16CC
__ptext19                         text19       131B
__ptext2                          text2        09E5
__ptext20                         text20       0800
__ptext21                         text21       140B
__ptext22                         text22       133B
__ptext23                         text23       130E
__ptext24                         text24       12FD
__ptext25                         text25       1303
__ptext26                         text26       1479
__ptext27                         text27       1351
__ptext28                         text28       143E
__ptext3                          text3        14CB
__ptext4                          text4        0C3F
__ptext5                          text5        003F
__ptext6                          text6        157F
__ptext7                          text7        0815
__ptext8                          text8        13E0
__ptext9                          text9        1650
__size_of__Umul8_16               (abs)        0000
__size_of___awdiv                 (abs)        0000
__size_of___awmod                 (abs)        0000
__size_of___fladd                 (abs)        0000
__size_of___flge                  (abs)        0000
__size_of___flmul                 (abs)        0000
__size_of___flsub                 (abs)        0000
__size_of___fltol                 (abs)        0000
__size_of___wmul                  (abs)        0000
__size_of___xxtofl                (abs)        0000
__size_of_clcd_print              (abs)        0000
__size_of_clcd_putch              (abs)        0000
__size_of_clcd_write              (abs)        0000
__size_of_clear_scr               (abs)        0000
__size_of_door_open               (abs)        0000
__size_of_init_clcd               (abs)        0000
__size_of_init_config             (abs)        0000
__size_of_init_digital_keypad     (abs)        0000
__size_of_init_display_controller (abs)        0000
__size_of_init_timer2             (abs)        0000
__size_of_isr                     (abs)        0000
__size_of_main                    (abs)        0000
__size_of_power_on                (abs)        0000
__size_of_read_digital_keypad     (abs)        0000
__size_of_run_program             (abs)        0000
__size_of_set_time_for_program    (abs)        0000
__size_of_start_stop_display      (abs)        0000
__size_of_wash_level_display      (abs)        0000
__size_of_washing_program_display (abs)        0000
__stringbase                      strings      11D8
__stringtab                       strings      11C6
_clcd_print                       text21       140B
_clcd_putch                       text20       0800
_clcd_write                       text27       1351
_clear_scr                        text19       131B
_door_open                        text6        157F
_init_clcd                        text25       1303
_init_config                      text22       133B
_init_digital_keypad              text24       12FD
_init_display_controller          text26       1479
_init_timer2                      text23       130E
_isr                              text28       143E
_level_no                         bssCOMMON    0079
_main                             maintext     08D1
_min                              bssBANK0     006C
_operation_mode                   bssBANK0     006D
_power_on                         text18       16CC
_program_no                       bssCOMMON    007A
_read_digital_keypad              text17       079F
_reset_mode                       bssBANK0     006E
_rinse_time                       bssBANK0     0066
_run_program                      text5        003F
_sec                              bssCOMMON    0078
_set_time_for_program             text4        0C3F
_spin_time                        bssBANK1     00C4
_start_stop_display               text3        14CB
_time                             bssBANK0     0062
_total_time                       bssBANK0     0064
_wash_level_display               text2        09E5
_wash_time                        bssBANK0     0068
_washing_prog                     dataBANK1    00A0
_washing_program_display          text1        0B12
_water_levels                     dataBANK1    00B8
btemp                             (abs)        007E
clcd_print@addr                   cstackBANK0  0022
clcd_print@str                    cstackBANK0  0020
clcd_putch@addr                   cstackBANK0  0024
clcd_putch@data                   cstackBANK0  0025
clcd_write@byte                   cstackCOMMON 0076
clcd_write@mode                   cstackCOMMON 0073
end_of_initialization             cinit        003B
init_fetch0                       inittext     1328
init_ram0                         inittext     132C
interrupt_function                intentry     0004
intlevel0                         functab      0000
intlevel1                         functab      0000
intlevel2                         functab      0000
intlevel3                         functab      0000
intlevel4                         functab      0000
intlevel5                         functab      0000
isr@count                         bssBANK1     00C2
main@flag                         cstackBANK1  00C6
main@key                          cstackBANK1  00C8
power_on@i                        cstackBANK0  0029
read_digital_keypad@longpress     bssBANK0     006A
read_digital_keypad@mode          cstackCOMMON 0074
read_digital_keypad@once          dataBANK0    006F
read_digital_keypad@pre_key       bssBANK0     006B
reset_vec                         reset_vec    0000
run_program@key                   cstackBANK0  005F
saved_w                           (abs)        007E
start                             init         000C
start_initialization              cinit        000F
start_stop_display@key            cstackBANK0  0024
wash_level_display@key            cstackBANK0  0029
washing_program_display@key       cstackBANK0  0029
wtemp0                            (abs)        007E


MODULE INFORMATION

Module		Function		Class		Link	Load	Size
timers.c
		_init_timer2   		CODE           	130E	0000	13

timers.c estimated size: 13

digital_keypad.c
		_init_digital_keypad		CODE           	12FD	0000	6
		_read_digital_keypad		CODE           	079F	0000	95

digital_keypad.c estimated size: 101

C:\Program Files\Microchip\xc8\v2.32\pic\sources\c90\common\sprcadd.c
		___flsub       		CODE           	1393	0000	36
		___fladd       		CODE           	0D70	0000	656

C:\Program Files\Microchip\xc8\v2.32\pic\sources\c90\common\sprcadd.c estimated size: 692

C:\Program Files\Microchip\xc8\v2.32\pic\sources\c90\common\flge.c
		___flge        		CODE           	175C	0000	164

C:\Program Files\Microchip\xc8\v2.32\pic\sources\c90\common\flge.c estimated size: 164

C:\Program Files\Microchip\xc8\v2.32\pic\sources\c90\common\xxtofl.c
		___xxtofl      		CODE           	0815	0000	188

C:\Program Files\Microchip\xc8\v2.32\pic\sources\c90\common\xxtofl.c estimated size: 188

C:\Program Files\Microchip\xc8\v2.32\pic\sources\c90\common\Umul8_16.c
		__Umul8_16     		CODE           	13B7	0000	41

C:\Program Files\Microchip\xc8\v2.32\pic\sources\c90\common\Umul8_16.c estimated size: 41

C:\Program Files\Microchip\xc8\v2.32\pic\sources\c90\common\awmod.c
		___awmod       		CODE           	1524	0000	91

C:\Program Files\Microchip\xc8\v2.32\pic\sources\c90\common\awmod.c estimated size: 91

isr.c
		_isr           		CODE           	143E	0000	59

isr.c estimated size: 59

shared
		__stringtab    		STRING         	11C6	0000	18
		__initialization		CODE           	000F	0000	44

shared estimated size: 62

clcd.c
		_clcd_write    		CODE           	1351	0000	32
		_clcd_print    		CODE           	140B	0000	51
		_clcd_putch    		CODE           	0800	0000	21
		_init_display_controller		CODE           	1479	0000	82
		_init_clcd     		CODE           	1303	0000	11

clcd.c estimated size: 197

C:\Program Files\Microchip\xc8\v2.32\pic\sources\c90\common\sprcmul.c
		___flmul       		CODE           	043E	0000	865

C:\Program Files\Microchip\xc8\v2.32\pic\sources\c90\common\sprcmul.c estimated size: 865

C:\Program Files\Microchip\xc8\v2.32\pic\sources\c90\common\awdiv.c
		___awdiv       		CODE           	15E7	0000	105

C:\Program Files\Microchip\xc8\v2.32\pic\sources\c90\common\awdiv.c estimated size: 105

C:\Program Files\Microchip\xc8\v2.32\pic\sources\c90\common\Umul16.c
		___wmul        		CODE           	13E0	0000	43

C:\Program Files\Microchip\xc8\v2.32\pic\sources\c90\common\Umul16.c estimated size: 43

main.c
		_wash_level_display		CODE           	09E5	0000	301
		_power_on      		CODE           	16CC	0000	144
		_washing_program_display		CODE           	0B12	0000	301
		_main          		CODE           	08D1	0000	276
		_start_stop_display		CODE           	14CB	0000	89
		_clear_scr     		CODE           	131B	0000	13
		_run_program   		CODE           	003F	0000	1023
		_door_open     		CODE           	157F	0000	104
		_init_config   		CODE           	133B	0000	22
		_set_time_for_program		CODE           	0C3F	0000	305

main.c estimated size: 2578

C:\Program Files\Microchip\xc8\v2.32\pic\sources\c90\common\fltol.c
		___fltol       		CODE           	1650	0000	124

C:\Program Files\Microchip\xc8\v2.32\pic\sources\c90\common\fltol.c estimated size: 124

